// Jest Snapshot v1, https://goo.gl/fbAQLP

exports[`matches 1`] = `
<div>
  <br />
  <Link
    className="btn grey"
    replace={false}
    to="/shoppinglists"
  >
    Back
  </Link>
  <h1>
    Add shoppinglist Item
  </h1>
  <ToastContainer
    autoClose={5000}
    bodyClassName=""
    className={null}
    closeButton={<DefaultCloseButton />}
    closeOnClick={true}
    hideProgressBar={false}
    newestOnTop={false}
    pauseOnHover={true}
    position="top-right"
    progressClassName=""
    style={null}
    toastClassName=""
    transition={[Function]}
  />
  <form
    onSubmit={[Function]}
  >
    <div
      className="input-field"
    >
      <input
        id="name"
        name="name"
        onChange={[Function]}
        type="text"
        value=""
      />
      <label
        htmlFor="name"
      >
        Name
      </label>
    </div>
    <input
      className="btn"
      type="submit"
      value="Save"
    />
  </form>
</div>
`;
