// Jest Snapshot v1, https://goo.gl/fbAQLP

exports[`matches 1`] = `
<div
  className="container"
>
  <main>
    <div
      className="valign-wrapper row login-box"
    >
      <ToastContainer
        autoClose={5000}
        bodyClassName=""
        className={null}
        closeButton={<DefaultCloseButton />}
        closeOnClick={true}
        hideProgressBar={false}
        newestOnTop={false}
        pauseOnHover={true}
        position="top-right"
        progressClassName=""
        style={null}
        toastClassName=""
        transition={[Function]}
      />
      <div
        className="col card hoverable s10 pull-s1 m6 pull-m3 l4 pull-l4"
      >
        <form
          className="form-signin"
          onSubmit={[Function]}
        >
          <div
            className="card-content"
          >
            <span
              className="card-title"
            >
              Reset Password
            </span>
            <p>
              New password will be sent to your email address.
            </p>
            <div
              className="row"
            >
              <div
                className="input-field col s12"
              >
                <input
                  className="validate"
                  id="email"
                  name="email"
                  onChange={[Function]}
                  placeholder="Enter email"
                  type="email"
                  value=""
                />
              </div>
            </div>
            <div
              className="card-action center-align"
            >
              <button
                className="btn green waves-effect waves-light"
                type="submit"
              >
                Reset
              </button>
            </div>
            <p
              className="center-align"
            >
              <Link
                replace={false}
                to="/"
              >
                Login
              </Link>
            </p>
          </div>
        </form>
      </div>
    </div>
  </main>
</div>
`;
