// Jest Snapshot v1, https://goo.gl/fbAQLP

exports[`matches 1`] = `
<li
  className="collection-item"
>
  one
  <Link
    className="btn right"
    replace={false}
    to="/shoppinglists/undefined/items/edit/1"
  >
    Edit
  </Link>
  <button
    className="btn red right"
    onClick={[Function]}
  >
    Delete
  </button>
</li>
`;
